
> testforpay@0.1.0 build
> prisma generate && next build --webpack

node.exe : Loaded Prisma config from prisma.config.ts.
At line:1 char:1
+ & "C:\Program Files\nodejs/node.exe" "C:\Users\Evans Munsha\AppData\R ...
+ ~~~~~~~~~~~~~~~~~~~~~~~~~~~~~~~~~~~~~~~~~~~~~~~~~~~~~~~~~~~~~~~~~~~~~
    + CategoryInfo          : NotSpecified: (Loaded Prisma c...isma.config.ts. 
   :String) [], RemoteException
    + FullyQualifiedErrorId : NativeCommandError
 

Prisma schema loaded from prisma\schema.prisma.

Γ£ö Generated Prisma Client (7.2.0) to .\generated\prisma in 2.25s

ΓÜá Warning: Next.js inferred your workspace root, but it may not be correct.
 We detected multiple lockfiles and selected the directory of C:\Users\Evans 
Munsha\package-lock.json as the root directory.
 To silence this warning, set `outputFileTracingRoot` in your Next.js config, 
or consider removing one of the lockfiles if it's not needed.
   See 
https://nextjs.org/docs/app/api-reference/config/next-config-js/output#caveats 
for more information.
 Detected additional lockfiles: 
   * C:\Users\Evans Munsha\testforpay\package-lock.json

Γû▓ Next.js 16.1.1 (webpack)
- Environments: .env

  Creating an optimized production build ...
Client network socket disconnected before secure TLS connection was established

Retrying 1/3...
Client network socket disconnected before secure TLS connection was established

Retrying 1/3...
socket hang up

Retrying 1/3...
socket hang up

Retrying 1/3...
socket hang up

Retrying 2/3...
connect ETIMEDOUT 142.250.102.94:443

Retrying 2/3...
connect ETIMEDOUT 142.250.102.94:443

Retrying 3/3...
socket hang up

Retrying 1/3...
connect ETIMEDOUT 172.217.215.95:443

Retrying 2/3...
Client network socket disconnected before secure TLS connection was established

Retrying 1/3...
socket hang up

Retrying 1/3...
read ECONNRESET

Retrying 1/3...
read ECONNRESET

Retrying 1/3...
Γ£ô Compiled successfully in 311.6min
  Running TypeScript ...
  Collecting page data using 3 workers ...
  Generating static pages using 3 workers (0/71) ...
  Generating static pages using 3 workers (17/71) 
  Generating static pages using 3 workers (35/71) 
  Generating static pages using 3 workers (53/71) 
Γ£ô Generating static pages using 3 workers (71/71) in 32.0s
  Finalizing page optimization ...
  Collecting build traces ...

Route (app)
Γöî Γùï /
Γö£ Γùï /_not-found
Γö£ ╞Æ /api/admin/applications
Γö£ ╞Æ /api/admin/contact
Γö£ ╞Æ /api/admin/contact/[id]
Γö£ ╞Æ /api/admin/feedback
Γö£ ╞Æ /api/admin/feedback-reports
Γö£ ╞Æ /api/admin/feedback-reports/[id]
Γö£ ╞Æ /api/admin/feedback/[id]
Γö£ ╞Æ /api/admin/fraud
Γö£ ╞Æ /api/admin/jobs
Γö£ ╞Æ /api/admin/payments
Γö£ ╞Æ /api/admin/payments/retry/[id]
Γö£ ╞Æ /api/admin/payouts/process
Γö£ ╞Æ /api/admin/stats
Γö£ ╞Æ /api/admin/users
Γö£ ╞Æ /api/admin/users/[id]
Γö£ ╞Æ /api/applications
Γö£ ╞Æ /api/applications/[id]
Γö£ ╞Æ /api/applications/[id]/checkin
Γö£ ╞Æ /api/applications/[id]/checkin/[checkinId]
Γö£ ╞Æ /api/applications/[id]/engagement-score
Γö£ ╞Æ /api/applications/[id]/feedback
Γö£ ╞Æ /api/applications/[id]/feedback-followup
Γö£ ╞Æ /api/applications/[id]/feedback-reply
Γö£ ╞Æ /api/applications/[id]/feedback-report
Γö£ ╞Æ /api/applications/[id]/send-onboarding
Γö£ ╞Æ /api/applications/[id]/usage
Γö£ ╞Æ /api/applications/[id]/verify
Γö£ ╞Æ /api/auth/forgot-password
Γö£ ╞Æ /api/auth/login
Γö£ ╞Æ /api/auth/logout
Γö£ ╞Æ /api/auth/resend-verification
Γö£ ╞Æ /api/auth/session
Γö£ ╞Æ /api/auth/signup
Γö£ ╞Æ /api/auth/verify-email
Γö£ ╞Æ /api/contact
Γö£ ╞Æ /api/cron/auto-complete-tests
Γö£ ╞Æ /api/cron/nudge-developers
Γö£ ╞Æ /api/cron/process-payouts
Γö£ ╞Æ /api/developer/pending-actions
Γö£ ╞Æ /api/developer/stats
Γö£ ╞Æ /api/developers/me/followed-testers
Γö£ ╞Æ /api/developers/me/verified-testers
Γö£ ╞Æ /api/feedback
Γö£ ╞Æ /api/jobs
Γö£ ╞Æ /api/jobs/[id]
Γö£ ╞Æ /api/jobs/[id]/cancel
Γö£ ╞Æ /api/jobs/[id]/questionnaire
Γö£ ╞Æ /api/jobs/[id]/testing-report
Γö£ ╞Æ /api/jobs/activate-paid
Γö£ ╞Æ /api/leaderboards/top-testers
Γö£ ╞Æ /api/notifications
Γö£ ╞Æ /api/notifications/subscribe
Γö£ ╞Æ /api/payments/balance
Γö£ ╞Æ /api/payments/create-intent
Γö£ ╞Æ /api/payments/onboard
Γö£ ╞Æ /api/payments/payout-requirements
Γö£ ╞Æ /api/tester/stats
Γö£ ╞Æ /api/testers/[id]/follow
Γö£ ╞Æ /api/testers/[id]/profile
Γö£ ╞Æ /api/testers/[id]/update-reputation
Γö£ ╞Æ /api/testers/[id]/verify
Γö£ ╞Æ /api/testers/search
Γö£ ╞Æ /api/uploadthing
Γö£ ╞Æ /api/user/delete
Γö£ ╞Æ /api/user/device-info
Γö£ ╞Æ /api/user/password
Γö£ ╞Æ /api/user/preferences
Γö£ ╞Æ /api/user/profile
Γö£ ╞Æ /api/user/transactions
Γö£ ╞Æ /api/webhooks/stripe
Γö£ Γùï /contact
Γö£ Γùï /dashboard
Γö£ Γùï /dashboard/admin
Γö£ Γùï /dashboard/applications
Γö£ ╞Æ /dashboard/applications/[id]
Γö£ Γùï /dashboard/browse
Γö£ Γùï /dashboard/browse-testers
Γö£ Γùï /dashboard/feedback
Γö£ Γùï /dashboard/jobs
Γö£ ╞Æ /dashboard/jobs/[id]
Γö£ ╞Æ /dashboard/jobs/[id]/edit
Γö£ Γùï /dashboard/jobs/new
Γö£ Γùï /dashboard/leaderboards
Γö£ Γùï /dashboard/payments
Γö£ Γùï /dashboard/settings
Γö£ ╞Æ /dashboard/testers/[id]
Γö£ ╞Æ /dashboard/testers/[id]/profile
Γö£ Γùï /dashboard/tutorial
Γö£ Γùï /forgot-password
Γö£ Γùï /login
Γö£ Γùï /offline
Γö£ Γùï /privacy
Γö£ Γùï /robots.txt
Γö£ Γùï /signup
Γö£ Γùï /sitemap.xml
Γö£ Γùï /terms
Γöö Γùï /verify-email


╞Æ Proxy (Middleware)

Γùï  (Static)   prerendered as static content
╞Æ  (Dynamic)  server-rendered on demand

